h12283
s 00009/00009/00000
d D 1.3 09/10/31 12:05:06 const 3 2
c Entries need to be padded with spaces up to LEXEME_LENGTH.
e
s 00009/00308/00000
d D 1.2 09/10/29 11:46:22 const 2 1
c Created a new standard version based on BenSira and Kings.
e
s 00308/00000/00000
d D 1.1 06/07/21 14:46:28 janet 1 0
c date and time created 06/07/21 14:46:28 by janet
e
u
U
f e 0
t
T
I 1
D 2
MQWM/             
MZRX/             
MSH//             
MYRJM//           
MYWLH/            
MJM/              
MDBR/             
MWSRH//           
MYB=/             
MDJN//            
MLWN/             
MWCB/             
MRWM/             
MVH==/            
M<L/              
MWRH//            
MKWN/             
MHRH              
M<BRH/            
MBW>/             
M<LHHXRS//        
MNCH//            
M<RKH/            
MZBX/             
MXBT/             
MCKB/             
MDBX/             
MYRJN/            
MCRJT/            
MVLL>/            
MRKB>/            
MYPJ>/            
M<LN/             
MGDW/             
M<R>/             
MSQN/             
GL<D//            
GB<WN/            
GMLX/             
GT/               
GWB/              
MSQN/             
XYR/              
XBRWN//           
XQL/              
XDR/              
GJ>/              
GG/               
QRB/              
QYH/              
QDC/              
QJVWN/            
QR>/              
QDRWN/            
JRK/              
JBQ//             
JFR>L//           
JRWCLM//          
JM/               
JHYH//            
JRJXW//           
JWRDNN//          
JWRDNN/           
JHWD>/            
JRTW/             
LBB/              
L<L               
QYH=/             
QDM/              
CWL/              
CM                
CMH=              
C<R/              
CMC/              
C>WL/             
CMJM/             
CPJ/              
CLXN/             
CMRWN//           
CM/               
CJLWX>//          
CJLW//            
CMRJN//           
CJLW/             
CMRJN/            
CJLWX>/           
CMJ/              
CWR/              
CWQ/              
<MH/              
<RBH/             
<LJH/             
<JR/              
<MQ/              
<BR/              
<MWD/             
<MR=/             
<YJWNGBR//        
<Y/               
<LT/              
<YJNWGBR/         
RQJ</             
RMT/              
RMT=/             
YWR/              
YPWN/             
YL</              
YD/               
YJWN//            
NWH/              
NXL/              
GN/               
GT/               
GRN/              
GB<WN//           
GWJ/              
GBWL/             
R>MWT//           
BJT>L//           
BJT/              
BJTBRH//          
BJTLXM//          
BMH/              
BZQ//             
BR=/              
BBL/              
BJT>JL/           
BVM>/             
HJKL/             
HRK>              
XWY/              
XLX//             
XRB//             
XWMH/             
XDR/              
QYH/              
QDC/              
QMH/              
QRB/              
QRQR//            
QDM/              
PTX/              
PH                
PNH/              
PH/               
PJHXJRWT//        
PQ<T/             
PRN/              
GT/               
GBWL/             
GL<D//            
GJ>/              
GDGD//            
GLGL//            
GG/               
HR/               
HLM               
HNH==             
HR//              
TWK/              
TRCJC//           
TB<RH//           
TRMH//            
TBWR//            
TMNTXRS//         
TJMN/             
TMN               
TRY>/             
TWN/              
TPT/              
TRJN/             
TR</              
TR<=/             
M<LN/             
XRB//             
XCBWN//           
XWL/              
XRMH//            
PH                
PNH/              
PSGH//            
>DMH/             
>RY/              
>DR<J//           
>RNWN//           
>HL/              
>BN/              
>PD/              
>JLT//            
>RWN/             
>LH/              
>WRCLM//          
>R</              
>JZR<JL//         
>WRCLM/           
>JZR<JL/          
>TR/              
>DWM/             
>S>=/             
>JLN/             
>JRJXW/           
>SD/              
>WRX/             
>SVW/             
>JSRJL/           
TXWM/             
TXWM/             
TXWM/             
LBH/              
LBNWN//           
HJKL/             
HJKL/             
MXNH/             
MXNH/             
XBL=/             
XBL=/             
PTX/              
CM                
CMH=              
CMJM/             
C<R/              
CKM//             
MBW>/             
BVN/              
BJT/              
B>RTBNJJ<QN//     
JMJN/             
JM/               
JPW>//            
J>R//             
JRWCLM//          
JZR<>L//          
JWM/              
JVBTH//           
JRDN//            
JBCT/             
JHYH//            
JVBH//            
JFR>L//           
QRB/              
MZBX/             
<BR/              
<RW<R//           
<RBH/             
<JR/              
<LJH/             
<PRH//            
<MWD/             
<ZH//             
XWY/              
R>C/              
RXWQ/             
THW/              
YD/               
YJWN/             
YPWN/             
YJWN//            
DRK/              
DN/               
DBR=/             
DRMSWQ/           
DBLT/             
DR>/              
DWK/              
MWTB/             
NWH=/             
NGB//             
M<JM/             
M<JM/             
M<JM/             
QRB/              
QDM/              
QBRWTHT>WH//      
QDCBRN<//         
QDC/              
HJKL/             
B<LP<WR//         
BCN//             
BJTP<WR//         
BJT/              
KNRT//            
KP/               
KH                
KTP/              
KPRT/             
K>P/              
KKR=/             
NJNWH//           
NHR/              
NXL/              
GBWL/             
RXWQ/             
FDH/              
FPH/              
F<JR//            
FBKH/             
JMJN/             
JMJN/             
JMJN/             
LBB/              
SBJB/             
SVR/              
SKWT/             
VBT//             
VWR/              
JQB/              
ZR=/              
MCBYWT/           
E 2
I 2
D 3
>WRCLM/
>R</
>TR/
BJT/
VWR/
JRTW/
QR>/
CMRJN/
TMN
E 3
I 3
>WRCLM/           
>R</              
>TR/              
BJT/              
VWR/              
JRTW/             
QR>/              
CMRJN/            
TMN               
E 3
E 2
E 1
