h08357
s 00005/00005/00000
d D 1.3 09/10/31 12:05:06 const 3 2
c Entries need to be padded with spaces up to LEXEME_LENGTH.
e
s 00005/00057/00000
d D 1.2 09/10/29 12:21:10 const 2 1
c Created a new standard version based on BenSira and Kings.
e
s 00057/00000/00000
d D 1.1 06/07/21 14:46:28 janet 1 0
c date and time created 06/07/21 14:46:28 by janet
e
u
U
f e 0
t
T
I 1
D 2
JWM/              
JRX/              
JWMM              
JWMN/             
<RB/              
<TH               
<WLM/             
<T/               
<WD/              
<D/               
<LM/              
CNH/              
CN>/              
C</               
CPR=/             
ZBN/              
TMWL/             
TMJD/             
TMN               
TLT/              
PNH/              
P<M/              
XDC=/             
XJJM/             
XCK/              
BQR=/             
MXRT/             
MHR[              
MXR/              
MW<D/             
M<JL/             
MXR               
LJLH/             
LJL/              
LLJ/              
>Z                
>XR/              
>WL/              
>JMM/             
VRM/              
VHR/              
NYX/              
R>C/              
R>CWN/            
R>CWN/            
RG</              
RMC/              
RJCJT/            
XG/               
DWR/              
TXLH/             
YHRJM/            
YPR/              
HC/               
HJDJN             
HKN>              
KS>=/             
E 2
I 2
D 3
JWM/
JWMN/
<DN/
<LM/
CN>/
E 3
I 3
JWM/              
JWMN/             
<DN/              
<LM/              
CN>/              
E 3
E 2
E 1
