h00319
s 00014/00215/00006
d D 1.2 09/10/31 11:56:50 const 2 1
c Created a new basic version from QDF.
e
s 00221/00000/00000
d D 1.1 05/09/13 17:31:00 const 1 0
c Version of May 1999
e
u
U
f e 0
t
T
I 1
D 2
MQWM/             
MZRX/             
MSH//             
MYRJM//           
MYWLH/            
MJM/              
MDBR/             
MWSRH//           
MYB=/             
MDJN//            
MLWN/             
MWCB/             
MRWM/             
MVH==/            
M<L/              
MWRH//            
MKWN/             
MHRH              
M<BRH/            
MBW>/             
M<LHHXRS//        
MNCH//            
M<RKH/            
MZBX/             
MXBT/             
MCKB/             
XYR/              
GJ>/              
GG/               
QRB/              
QYH/              
QDC/              
JRK/              
JBQ//             
JFR>L//           
JRWCLM//          
JM/               
JHYH//            
JRJXW//           
LBB/              
QYH=/             
QDM/              
CWL/              
CM                
CMH=              
C<R/              
CMC/              
C>WL/             
CMJM/             
CPJ/              
CLXN/             
CMRWN//           
CM/               
<MH/              
<RBH/             
<LJH/             
<JR/              
<MQ/              
<BR/              
<MWD/             
<MR=/             
<YJWNGBR//        
<Y/               
RQJ</             
YWR/              
YPWN/             
YL</              
YD/               
YJWN//            
GN/               
GT/               
GRN/              
GB<WN//           
GWJ/              
GBWL/             
R>MWT//           
BJT>L//           
BJT/              
BJTBRH//          
BJTLXM//          
BMH/              
BZQ//             
HJKL/             
XWY/              
XLX//             
XRB//             
XWMH/             
XDR/              
QYH/              
QDC/              
QMH/              
QRB/              
QRQR//            
QDM/              
PTX/              
PH                
PNH/              
PH/               
PJHXJRWT//        
GBWL/             
GL<D//            
GJ>/              
GDGD//            
GLGL//            
GG/               
HR/               
HLM               
HNH==             
HR//              
TWK/              
TRCJC//           
TB<RH//           
TRMH//            
TBWR//            
TMNTXRS//         
TJMN/             
XRB//             
XCBWN//           
XWL/              
XRMH//            
PH                
PNH/              
PSGH//            
>DMH/             
E 2
>RY/              
D 2
>DR<J//           
>RNWN//           
>HL/              
>BN/              
>PD/              
>JLT//            
>RWN/             
>LH/              
LBH/              
LBNWN//           
HJKL/             
HJKL/             
MXNH/             
MXNH/             
XBL=/             
XBL=/             
PTX/              
CM                
CMH=              
CMJM/             
C<R/              
CKM//             
MBW>/             
BVN/              
E 2
BJT/              
D 2
B>RTBNJJ<QN//     
JMJN/             
E 2
I 2
DRK/              
HR/               
E 2
JM/               
D 2
JPW>//            
J>R//             
JRWCLM//          
JZR<>L//          
JWM/              
JVBTH//           
JRDN//            
JBCT/             
JHYH//            
JVBH//            
JFR>L//           
QRB/              
E 2
I 2
JRDN/             
JRWCLM/           
JFR>L/            
MDBR/             
MW<D/             
E 2
MZBX/             
D 2
<BR/              
<RW<R//           
<RBH/             
E 2
I 2
MYRJM/            
MQWM/             
SBJB/             
E 2
<JR/              
D 2
<LJH/             
<PRH//            
<MWD/             
<ZH//             
XWY/              
R>C/              
RXWQ/             
THW/              
YD/               
YJWN/             
YPWN/             
YJWN//            
DRK/              
NWH=/             
NGB//             
M<JM/             
M<JM/             
M<JM/             
QRB/              
QDM/              
QBRWTHT>WH//      
QDCBRN<//         
QDC/              
HJKL/             
B<LP<WR//         
BCN//             
BJTP<WR//         
BJT/              
KNRT//            
KP/               
KH                
KTP/              
KPRT/             
NJNWH//           
NHR/              
NXL/              
GBWL/             
RXWQ/             
E 2
FDH/              
D 2
FPH/              
F<JR//            
FBKH/             
JMJN/             
JMJN/             
JMJN/             
LBB/              
SBJB/             
VBT//             
JQB/              
ZR=/              
MCBYWT/           
E 2
I 2
CM                
CMJM/             
CMC/              
C<R/              
E 2
E 1
