h43364
s 00002/00034/00003
d D 1.2 09/10/31 11:57:42 const 2 1
c Created a new basic version from QDF.
e
s 00037/00000/00000
d D 1.1 05/09/13 17:31:00 const 1 0
c Version of May 1999
e
u
U
f e 0
t
T
I 2
BQR=/             
E 2
I 1
JWM/              
D 2
JRX/              
JWMM              
<RB/              
E 2
I 2
LJLH/             
E 2
<TH               
D 2
<WLM/             
<T/               
<WD/              
<D/               
E 2
CNH/              
D 2
TMWL/             
TMJD/             
PNH/              
P<M/              
XDC=/             
XJJM/             
XCK/              
BQR=/             
MXRT/             
MHR[              
MXR/              
MW<D/             
M<JL/             
LJLH/             
LJL/              
>Z                
>XR/              
VRM/              
NYX/              
R>C/              
R>CWN/            
R>CWN/            
RG</              
XG/               
DWR/              
TXLH/             
YHRJM/            
E 2
E 1
