h47096
s 00030/00030/00000
d D 1.2 09/10/31 12:03:58 const 2 1
c Entries need to be padded with spaces up to LEXEME_LENGTH.
e
s 00030/00000/00000
d D 1.1 07/04/17 12:11:12 const 1 0
c date and time created 07/04/17 12:11:12 by const
e
u
U
f e 0
t
T
I 1
D 2
>DR=/
>JLN/
>RX/
>R</
>RQ/
>TR/
BJT/
GB/
GB=/
GW>/
HJKL/
VWR/
JM/
KH
KTL/
MDBX/
M<H/
M<L/
SWP/
<BR/
<JR/
<LJ=/
PS/
YD/
QBL/
QYT/
R>C/
FVR/
CWR/
TMH
E 2
I 2
>DR=/             
>JLN/             
>RX/              
>R</              
>RQ/              
>TR/              
BJT/              
GB/               
GB=/              
GW>/              
HJKL/             
VWR/              
JM/               
KH                
KTL/              
MDBX/             
M<H/              
M<L/              
SWP/              
<BR/              
<JR/              
<LJ=/             
PS/               
YD/               
QBL/              
QYT/              
R>C/              
FVR/              
CWR/              
TMH               
E 2
E 1
