h32347
s 00015/00015/00000
d D 1.2 09/10/31 12:03:58 const 2 1
c Entries need to be padded with spaces up to LEXEME_LENGTH.
e
s 00015/00000/00000
d D 1.1 07/04/17 12:06:26 const 1 0
c date and time created 07/04/17 12:06:26 by const
e
u
U
f e 0
t
T
I 1
D 2
>DJN
>XR/
B>TR/
DR/
ZMN/
JWM/
JRX/
K<N
K<NT
K<T
LJLJ/
<DN/
<LM/
QDMJ/
CNH/
E 2
I 2
>DJN              
>XR/              
B>TR/             
DR/               
ZMN/              
JWM/              
JRX/              
K<N               
K<NT              
K<T               
LJLJ/             
<DN/              
<LM/              
QDMJ/             
CNH/              
E 2
E 1
