>RY/              
BJT/              
DRK/              
HR/               
JM/               
JRDN/             
JRWCLM/           
JFR>L/            
MDBR/             
MW<D/             
MZBX/             
MYRJM/            
MQWM/             
SBJB/             
<JR/              
FDH/              
CM                
CMJM/             
CMC/              
C<R/              
